src/config/ExtensionConfig.ts(3,1): error TS6133: 'ConfigurationError' is declared but its value is never read.
